Testing key [ENV_KEY] starts with AIzaSyAd... with model: gemini-1.5-flash
Testing key [KEY1] starts with AIzaSyAl... with model: gemini-1.5-flash
Testing key [KEY2] starts with AIzaSyAC... with model: gemini-1.5-flash
